type T0 :: forall k. k -> *
type T0 = Proxy
  	-- Defined at <interactive>:27:1
type T1 :: forall k. k -> *
type T1 = Proxy
  	-- Defined at <interactive>:24:1
type T2 :: forall k. k -> *
type T2 @k = Proxy
  	-- Defined at <interactive>:21:1
type T3 :: forall k. k -> *
type T3 a = Proxy a
  	-- Defined at <interactive>:18:1
type T4 :: forall {k} (a :: k). * -> *
type T4 @a _b = Proxy a
  	-- Defined at <interactive>:15:1
type T5 :: forall {k} (a :: k). * -> *
type T5 _b = Proxy _b
  	-- Defined at <interactive>:12:1
type T6 :: forall {k} (k1 :: k). * -> *
type T6 _a = ()
  	-- Defined at <interactive>:9:1
type T0 :: forall k. k -> *
type T0 = Proxy
  	-- Defined at <interactive>:27:1
type T1 :: forall k. k -> *
type T1 = Proxy
  	-- Defined at <interactive>:24:1
type T2 :: forall k. k -> *
type T2 @k = Proxy @{k}
  	-- Defined at <interactive>:21:1
type T3 :: forall k. k -> *
type T3 @k a = Proxy @{k} a
  	-- Defined at <interactive>:18:1
type T4 :: forall {k} (a :: k). * -> *
type T4 @{k} @a _b = Proxy @{k} a
  	-- Defined at <interactive>:15:1
type T5 :: forall {k} (a :: k). * -> *
type T5 @{k} @a _b = Proxy @{*} _b
  	-- Defined at <interactive>:12:1
type T6 :: forall {k} (k1 :: k). * -> *
type T6 @{k} @k1 _a = ()
  	-- Defined at <interactive>:9:1
