mkdirExists: foo: createDirectory: already exists (File exists)
HasCallStack backtrace:
  collectBacktraces, called at libraries/ghc-internal/src/GHC/Internal/Exception.hs:92:13 in ghc-internal:GHC.Internal.Exception
  toExceptionWithBacktrace, called at libraries/ghc-internal/src/GHC/Internal/IO.hs:260:11 in ghc-internal:GHC.Internal.IO
  throwIO, called at libraries/ghc-internal/src/GHC/Internal/IO/Exception.hs:315:19 in ghc-internal:GHC.Internal.IO.Exception
  ioException, called at libraries/ghc-internal/src/GHC/Internal/IO/Exception.hs:319:20 in ghc-internal:GHC.Internal.IO.Exception
  ioError, called at libraries/unix/System/Posix/PosixPath/FilePath.hsc:106:5 in unix-2.8.5.1-inplace:System.Posix.PosixPath.FilePath


