T24159_pat_parse_error_2.hs:4:6: error: [GHC-32181]
    Illegal multiplicity annotation: ‘%d’ in pattern
    Type syntax in patterns isn't supported at the time

