
ado003.hs:7:18: error: [GHC-83865]
    • Couldn't match expected type ‘Char’ with actual type ‘Int’
    • In the first argument of ‘return’, namely ‘(3 :: Int)’
      In a stmt of a 'do' block: 'a' <- return (3 :: Int)
      In the expression:
        do x <- getChar
           'a' <- return (3 :: Int)
           return ()
