T25014a.hs:2:17: [GHC-87543]
     Ambiguous occurrence ‘MkT’.
      It could refer to
         either ‘Ambig1.MkT’,
                imported from ‘Ambig1’ at T25014a.hs:3:18-23
                (and originally defined at Ambig1.hs:5:26-28),
             or ‘Ambig2.MkT’,
                imported from ‘Ambig2’ at T25014a.hs:4:18-23
                (and originally defined at Ambig2.hs:5:25-27).
     In the export: T(MkT)